[backblue.gif]
[fade.gif]
[index.html]
[html.tonatheme.com/2017/plumber/images/favicon/apple-touch-icon.png]
[html.tonatheme.com/2017/plumber/images/favicon/favicon-32x32.png]
[html.tonatheme.com/2017/plumber/images/favicon/favicon-16x16.png]
[html.tonatheme.com/2017/plumber/images/logo.png]
[html.tonatheme.com/2017/plumber/images/main-slider_plumber/image-1.jpg]
[html.tonatheme.com/2017/plumber/images/main-slider_plumber/image-2.jpg]
[html.tonatheme.com/2017/plumber/images/main-slider_plumber/image-3.jpg]
[html.tonatheme.com/2017/plumber/images/resource/image-1.png]
[html.tonatheme.com/2017/plumber/images/resource/service-1.png]
[html.tonatheme.com/2017/plumber/images/resource/fullwidth-1.jpg]
[html.tonatheme.com/2017/plumber/images/resource/service-2.jpg]
[html.tonatheme.com/2017/plumber/images/resource/service-3.jpg]
[html.tonatheme.com/2017/plumber/images/resource/service-4.jpg]
[html.tonatheme.com/2017/plumber/images/gallery/1.jpg]
[html.tonatheme.com/2017/plumber/images/gallery/2.jpg]
[html.tonatheme.com/2017/plumber/images/gallery/3.jpg]
[html.tonatheme.com/2017/plumber/images/gallery/4.jpg]
[html.tonatheme.com/2017/plumber/images/gallery/5.jpg]
[html.tonatheme.com/2017/plumber/images/gallery/6.jpg]
[html.tonatheme.com/2017/plumber/images/resource/author-1.jpg]
[html.tonatheme.com/2017/plumber/images/resource/author-2.jpg]
[html.tonatheme.com/2017/plumber/images/resource/author-3.jpg]
[html.tonatheme.com/2017/plumber/images/background/pattern-1.png]
[html.tonatheme.com/2017/plumber/images/resource/team-image-1.jpg]
[html.tonatheme.com/2017/plumber/images/resource/team-image-2.jpg]
[html.tonatheme.com/2017/plumber/images/resource/team-image-3.jpg]
[html.tonatheme.com/2017/plumber/images/resource/team-image-4.jpg]
[html.tonatheme.com/2017/plumber/images/resource/news-1.jpg]
[html.tonatheme.com/2017/plumber/images/resource/news-2.jpg]
[html.tonatheme.com/2017/plumber/images/resource/news-3.jpg]
[html.tonatheme.com/2017/plumber/images/background/pattern-2.png]
[html.tonatheme.com/2017/plumber/images/logo-2.png]
[html.tonatheme.com/2017/plumber/images/resource/post-thumb-1.jpg]
[html.tonatheme.com/2017/plumber/images/resource/post-thumb-2.jpg]
[html.tonatheme.com/2017/plumber/images/resource/post-thumb-3.jpg]
[html.tonatheme.com/2017/plumber/js/jquery.js]
[html.tonatheme.com/2017/plumber/js/bootstrap.min.js]
[html.tonatheme.com/2017/plumber/js/revolution.min.js]
[html.tonatheme.com/2017/plumber/js/jquery.fancybox.pack.js]
[html.tonatheme.com/2017/plumber/js/jquery.fancybox-media.js]
[html.tonatheme.com/2017/plumber/js/owl.js]
[html.tonatheme.com/2017/plumber/js/slick.js]
[html.tonatheme.com/2017/plumber/js/wow.js]
[html.tonatheme.com/2017/plumber/js/appear.js]
[html.tonatheme.com/2017/plumber/js/isotope.js]
[html.tonatheme.com/2017/plumber/js/script.js]
[html.tonatheme.com/2017/plumber/index.html]
[html.tonatheme.com/2017/plumber/fonts/glyphicons-halflings-regular.eot]
[html.tonatheme.com/2017/plumber/fonts/glyphicons-halflings-regular.woff2]
[html.tonatheme.com/2017/plumber/fonts/glyphicons-halflings-regulard41d.eot]
[html.tonatheme.com/2017/plumber/fonts/glyphicons-halflings-regular.woff]
[html.tonatheme.com/2017/plumber/fonts/glyphicons-halflings-regular.ttf]
[html.tonatheme.com/2017/plumber/css/bootstrap.css]
[html.tonatheme.com/2017/plumber/css/assets/shadow1.png]
[html.tonatheme.com/2017/plumber/css/assets/shadow2.png]
[html.tonatheme.com/2017/plumber/css/assets/shadow3.png]
[html.tonatheme.com/2017/plumber/css/assets/gridtile.png]
[html.tonatheme.com/2017/plumber/css/assets/gridtile_white.png]
[html.tonatheme.com/2017/plumber/css/assets/gridtile_3x3.png]
[html.tonatheme.com/2017/plumber/css/assets/gridtile_3x3_white.png]
[html.tonatheme.com/2017/plumber/css/assets/boxed_bgtile.png]
[html.tonatheme.com/2017/plumber/css/assets/navigdots_bgtile.png]
[html.tonatheme.com/2017/plumber/css/assets/bullet.png]
[html.tonatheme.com/2017/plumber/css/assets/bullets.png]
[html.tonatheme.com/2017/plumber/css/assets/bullets2.png]
[html.tonatheme.com/2017/plumber/css/assets/bullet_boxed.png]
[html.tonatheme.com/2017/plumber/css/assets/navigdots.png]
[html.tonatheme.com/2017/plumber/css/assets/large_left.png]
[html.tonatheme.com/2017/plumber/css/assets/large_right.png]
[html.tonatheme.com/2017/plumber/css/assets/small_left.png]
[html.tonatheme.com/2017/plumber/css/assets/small_right.png]
[html.tonatheme.com/2017/plumber/css/assets/arrow_left.png]
[html.tonatheme.com/2017/plumber/css/assets/arrow_right.png]
[html.tonatheme.com/2017/plumber/css/assets/small_left_boxed.png]
[html.tonatheme.com/2017/plumber/css/assets/small_right_boxed.png]
[html.tonatheme.com/2017/plumber/css/assets/arrowleft.png]
[html.tonatheme.com/2017/plumber/css/assets/arrowright.png]
[html.tonatheme.com/2017/plumber/css/assets/arrow_left2.png]
[html.tonatheme.com/2017/plumber/css/assets/arrow_right2.png]
[html.tonatheme.com/2017/plumber/css/assets/timer.png]
[html.tonatheme.com/2017/plumber/css/assets/coloredbg.png]
[html.tonatheme.com/2017/plumber/css/assets/loader.gif]
[html.tonatheme.com/2017/plumber/fonts/revicons90c690c6.eot]
[html.tonatheme.com/2017/plumber/fonts/revicons90c690c6.woff]
[html.tonatheme.com/2017/plumber/fonts/revicons90c690c6.ttf]
[revolution.themepunch.com/wp-content/uploads/2014/05/wave11.6f.delayed]
[html.tonatheme.com/2017/plumber/css/revolution-slider.css]
[html.tonatheme.com/2017/plumber/images/icons/preloader.gif]
[html.tonatheme.com/2017/plumber/images/icons/separator.png]
[html.tonatheme.com/2017/plumber/images/icons/separator2.png]
[html.tonatheme.com/2017/plumber/images/icons/icon-cross.png]
[html.tonatheme.com/2017/plumber/images/resource/pattern-1.png]
[html.tonatheme.com/2017/plumber/images/icons/curve-arow.png]
[html.tonatheme.com/2017/plumber/images/icons/curve.jpg]
[html.tonatheme.com/2017/plumber/images/icons/icon-select.png]
[html.tonatheme.com/2017/plumber/css/style.css]
[html.tonatheme.com/2017/plumber/css/slick.css]
[html.tonatheme.com/2017/plumber/css/responsive.css]
[html.tonatheme.com/2017/plumber/images/background/5.jpg]
[html.tonatheme.com/2017/plumber/images/resource/products/5.jpg]
[html.tonatheme.com/2017/plumber/images/resource/products/6.jpg]
[html.tonatheme.com/2017/plumber/images/resource/products/7.jpg]
[html.tonatheme.com/2017/plumber/images/resource/products/8.jpg]
[html.tonatheme.com/2017/plumber/images/background/pattern-3.png]
[html.tonatheme.com/2017/plumber/js/jquery-ui.js]
[html.tonatheme.com/2017/plumber/index-2.html]
[html.tonatheme.com/2017/plumber/images/background/4.jpg]
[html.tonatheme.com/2017/plumber/images/background/3.jpg]
[html.tonatheme.com/2017/plumber/images/clients/7.png]
[html.tonatheme.com/2017/plumber/images/clients/8.png]
[html.tonatheme.com/2017/plumber/images/clients/9.png]
[html.tonatheme.com/2017/plumber/about.html]
[html.tonatheme.com/2017/plumber/faq.html]
[html.tonatheme.com/2017/plumber/404.html]
[html.tonatheme.com/2017/plumber/team.html]
[html.tonatheme.com/2017/plumber/images/resource/author-6.jpg]
[html.tonatheme.com/2017/plumber/images/resource/author-7.jpg]
[html.tonatheme.com/2017/plumber/images/resource/author-8.jpg]
[html.tonatheme.com/2017/plumber/testimonial.html]
[html.tonatheme.com/2017/plumber/services.html]
[html.tonatheme.com/2017/plumber/images/resource/service-single.jpg]
[html.tonatheme.com/2017/plumber/images/resource/repair-bg.jpg]
[html.tonatheme.com/2017/plumber/service-single.html]
[html.tonatheme.com/2017/plumber/gallery.html]
[html.tonatheme.com/2017/plumber/images/resource/products/9.jpg]
[html.tonatheme.com/2017/plumber/images/resource/products/10.jpg]
[html.tonatheme.com/2017/plumber/images/resource/products/11.jpg]
[html.tonatheme.com/2017/plumber/images/resource/products/12.jpg]
[html.tonatheme.com/2017/plumber/images/resource/products/13.jpg]
[html.tonatheme.com/2017/plumber/js/nouislider.js]
[html.tonatheme.com/2017/plumber/shop.html]
[html.tonatheme.com/2017/plumber/images/resource/products/14.jpg]
[html.tonatheme.com/2017/plumber/js/jquery.bootstrap-touchspin.js]
[html.tonatheme.com/2017/plumber/shop-single.html]
[html.tonatheme.com/2017/plumber/images/resource/prod-thumb-1.jpg]
[html.tonatheme.com/2017/plumber/images/resource/prod-thumb-2.jpg]
[html.tonatheme.com/2017/plumber/shopping-cart.html]
[html.tonatheme.com/2017/plumber/images/resource/paypall-img.jpg]
[html.tonatheme.com/2017/plumber/checkout.html]
[html.tonatheme.com/2017/plumber/images/resource/post-thumb-4.jpg]
[html.tonatheme.com/2017/plumber/images/resource/post-thumb-5.jpg]
[html.tonatheme.com/2017/plumber/blog.html]
[html.tonatheme.com/2017/plumber/images/resource/news-4.jpg]
[html.tonatheme.com/2017/plumber/images/resource/author-4.jpg]
[html.tonatheme.com/2017/plumber/images/resource/author-5.jpg]
[html.tonatheme.com/2017/plumber/blog-single.html]
[html.tonatheme.com/2017/plumber/js/validate.js]
[html.tonatheme.com/2017/plumber/js/map-script.js]
[html.tonatheme.com/2017/plumber/contact.html]
[html.tonatheme.com/2017/plumber/fonts/glyphicons-halflings-regular.svg]
[html.tonatheme.com/2017/plumber/images/gradient/g30.html]
[html.tonatheme.com/2017/plumber/images/gradient/g40.html]
[html.tonatheme.com/2017/plumber/fonts/revicons90c690c6.svg]
[html.tonatheme.com/revolution.themepunch.com/wp-content/uploads/2014/05/wave21.html]
[revolution.themepunch.com/wp-content/uploads/2014/05/wave11.html]
[html.tonatheme.com/2017/plumber/fonts/fontawesome-webfont3e6e.eot]
[html.tonatheme.com/2017/plumber/fonts/fontawesome-webfontd41d.eot]
[html.tonatheme.com/2017/plumber/fonts/fontawesome-webfont3e6e.woff2]
[html.tonatheme.com/2017/plumber/fonts/fontawesome-webfont3e6e.woff]
[html.tonatheme.com/2017/plumber/fonts/fontawesome-webfont3e6e.ttf]
[html.tonatheme.com/2017/plumber/css/font-awesome.css]
[html.tonatheme.com/2017/plumber/fonts/flaticon.eot]
[html.tonatheme.com/2017/plumber/fonts/flaticond41d.eot]
[html.tonatheme.com/2017/plumber/fonts/flaticon.woff]
[html.tonatheme.com/2017/plumber/fonts/flaticon.ttf]
[html.tonatheme.com/2017/plumber/css/flaticon.css]
[html.tonatheme.com/2017/plumber/css/animate.css]
[html.tonatheme.com/2017/plumber/css/hover.css]
[html.tonatheme.com/2017/plumber/css/owl.css]
[html.tonatheme.com/2017/plumber/css/jquery-ui.css]
[html.tonatheme.com/2017/plumber/images/fancybox/fancybox_sprite.png]
[html.tonatheme.com/2017/plumber/images/fancybox/fancybox_loading.gif]
[html.tonatheme.com/2017/plumber/images/fancybox/blank.gif]
[html.tonatheme.com/2017/plumber/images/fancybox/fancybox_overlay.png]
[html.tonatheme.com/2017/plumber/images/fancybox/fancybox_sprite@2x.png]
[html.tonatheme.com/2017/plumber/images/fancybox/fancybox_loading@2x.gif]
[html.tonatheme.com/2017/plumber/css/jquery.fancybox.css]
[html.tonatheme.com/2017/plumber/css/jquery.bootstrap-touchspin.css]
[html.tonatheme.com/2017/plumber/css/nouislider.css]
[html.tonatheme.com/2017/plumber/css/nouislider.pips.css]
[html.tonatheme.com/2017/plumber/fonts/fontawesome-webfont3e6e.svg]
[html.tonatheme.com/2017/plumber/fonts/flaticon.svg]
[html.tonatheme.com/2017/plumber/css/owl.video.play.html]
[html.tonatheme.com/2017/plumber/css/images/ui-icons_444444_256x240.html]
[html.tonatheme.com/2017/plumber/css/images/ui-icons_777620_256x240.html]
[html.tonatheme.com/2017/plumber/css/images/ui-icons_cc0000_256x240.html]
[html.tonatheme.com/2017/plumber/css/images/ui-icons_777777_256x240.html]
